\BOOKMARK [1][-]{section.1}{\376\377\000P\000a\000r\000t\000\040\0001\000:\000\040\000C\000o\000r\000e\000\040\000A\000r\000c\000h\000i\000t\000e\000c\000t\000u\000r\000e\000\040\000Q\000u\000e\000s\000t\000i\000o\000n\000s}{}% 1
\BOOKMARK [2][-]{subsection.1.1}{\376\377\000Q\0001\000:\000\040\000W\000a\000l\000k\000\040\000m\000e\000\040\000t\000h\000r\000o\000u\000g\000h\000\040\000w\000h\000a\000t\000\040\000O\000p\000e\000n\000C\000l\000a\000w\000-\000F\000i\000n\000a\000n\000c\000e\000\040\000i\000s\000\040\000a\000n\000d\000\040\000w\000h\000a\000t\000\040\000i\000t\000\040\000d\000o\000e\000s\000.}{section.1}% 2
\BOOKMARK [2][-]{subsection.1.2}{\376\377\000Q\0002\000:\000\040\000W\000h\000a\000t\000\040\000p\000r\000o\000b\000l\000e\000m\000\040\000w\000e\000r\000e\000\040\000y\000o\000u\000\040\000s\000o\000l\000v\000i\000n\000g\000?}{section.1}% 3
\BOOKMARK [2][-]{subsection.1.3}{\376\377\000Q\0003\000:\000\040\000D\000e\000s\000c\000r\000i\000b\000e\000\040\000t\000h\000e\000\040\000o\000v\000e\000r\000a\000l\000l\000\040\000a\000r\000c\000h\000i\000t\000e\000c\000t\000u\000r\000e\000\040\000a\000t\000\040\000a\000\040\000h\000i\000g\000h\000\040\000l\000e\000v\000e\000l\000.}{section.1}% 4
\BOOKMARK [2][-]{subsection.1.4}{\376\377\000Q\0004\000:\000\040\000W\000h\000a\000t\000\040\000i\000s\000\040\000t\000h\000e\000\040\000a\000g\000e\000n\000t\000\040\000l\000o\000o\000p\000\040\000a\000n\000d\000\040\000h\000o\000w\000\040\000d\000o\000e\000s\000\040\000i\000t\000\040\000w\000o\000r\000k\000?}{section.1}% 5
\BOOKMARK [2][-]{subsection.1.5}{\376\377\000Q\0005\000:\000\040\000W\000h\000y\000\040\000i\000t\000e\000r\000a\000t\000i\000v\000e\000\040\000t\000o\000o\000l\000-\000l\000o\000o\000p\000\040\000i\000n\000s\000t\000e\000a\000d\000\040\000o\000f\000\040\000s\000i\000n\000g\000l\000e\000\040\000L\000L\000M\000\040\000c\000a\000l\000l\000?}{section.1}% 6
\BOOKMARK [2][-]{subsection.1.6}{\376\377\000Q\0006\000:\000\040\000E\000x\000p\000l\000a\000i\000n\000\040\000t\000h\000e\000\040\000m\000e\000s\000s\000a\000g\000e\000\040\000b\000u\000s\000.\000\040\000W\000h\000y\000\040\000d\000o\000e\000s\000\040\000i\000t\000\040\000e\000x\000i\000s\000t\000?}{section.1}% 7
\BOOKMARK [2][-]{subsection.1.7}{\376\377\000Q\0007\000:\000\040\000H\000o\000w\000\040\000d\000o\000e\000s\000\040\000s\000e\000s\000s\000i\000o\000n\000\040\000m\000a\000n\000a\000g\000e\000m\000e\000n\000t\000\040\000w\000o\000r\000k\000?}{section.1}% 8
\BOOKMARK [2][-]{subsection.1.8}{\376\377\000Q\0008\000:\000\040\000W\000h\000y\000\040\000J\000S\000O\000N\000L\000\040\000f\000i\000l\000e\000s\000\040\000f\000o\000r\000\040\000s\000e\000s\000s\000i\000o\000n\000\040\000s\000t\000o\000r\000a\000g\000e\000?}{section.1}% 9
\BOOKMARK [2][-]{subsection.1.9}{\376\377\000Q\0009\000:\000\040\000W\000h\000a\000t\000\040\000i\000s\000\040\000m\000e\000m\000o\000r\000y\000\040\000c\000o\000n\000s\000o\000l\000i\000d\000a\000t\000i\000o\000n\000\040\000a\000n\000d\000\040\000w\000h\000y\000?}{section.1}% 10
\BOOKMARK [2][-]{subsection.1.10}{\376\377\000Q\0001\0000\000:\000\040\000H\000o\000w\000\040\000d\000o\000e\000s\000\040\000t\000h\000e\000\040\000s\000y\000s\000t\000e\000m\000\040\000k\000n\000o\000w\000\040\000w\000h\000a\000t\000\040\000t\000o\000o\000l\000s\000\040\000t\000o\000\040\000u\000s\000e\000?}{section.1}% 11
\BOOKMARK [2][-]{subsection.1.11}{\376\377\000Q\0001\0001\000:\000\040\000W\000h\000a\000t\000\040\000i\000s\000\040\000t\000h\000e\000\040\000T\000o\000o\000l\000\040\000R\000e\000g\000i\000s\000t\000r\000y\000?}{section.1}% 12
\BOOKMARK [2][-]{subsection.1.12}{\376\377\000Q\0001\0002\000:\000\040\000W\000h\000y\000\040\000L\000L\000M\000\040\000a\000s\000\040\000r\000o\000u\000t\000e\000r\000\040\000i\000n\000s\000t\000e\000a\000d\000\040\000o\000f\000\040\000h\000a\000r\000d\000-\000c\000o\000d\000e\000d\000\040\000l\000o\000g\000i\000c\000?}{section.1}% 13
\BOOKMARK [2][-]{subsection.1.13}{\376\377\000Q\0001\0003\000:\000\040\000W\000a\000l\000k\000\040\000t\000h\000r\000o\000u\000g\000h\000\040\000`\000`\000W\000h\000a\000t\000'\000s\000\040\000T\000e\000s\000l\000a\000'\000s\000\040\000P\000/\000E\000\040\000r\000a\000t\000i\000o\000?\000'\000'\000\040\000o\000n\000\040\000T\000e\000l\000e\000g\000r\000a\000m\000.}{section.1}% 14
\BOOKMARK [2][-]{subsection.1.14}{\376\377\000Q\0001\0004\000:\000\040\000H\000o\000w\000\040\000d\000o\000e\000s\000\040\000t\000h\000e\000\040\000s\000y\000s\000t\000e\000m\000\040\000h\000a\000n\000d\000l\000e\000\040\000m\000u\000l\000t\000i\000p\000l\000e\000\040\000c\000h\000a\000n\000n\000e\000l\000s\000\040\000s\000i\000m\000u\000l\000t\000a\000n\000e\000o\000u\000s\000l\000y\000?}{section.1}% 15
\BOOKMARK [2][-]{subsection.1.15}{\376\377\000Q\0001\0005\000:\000\040\000W\000h\000a\000t\000\040\000d\000e\000s\000i\000g\000n\000\040\000p\000a\000t\000t\000e\000r\000n\000s\000\040\000d\000i\000d\000\040\000y\000o\000u\000\040\000u\000s\000e\000?}{section.1}% 16
\BOOKMARK [2][-]{subsection.1.16}{\376\377\000Q\0001\0006\000:\000\040\000H\000o\000w\000\040\000d\000o\000\040\000y\000o\000u\000\040\000h\000a\000n\000d\000l\000e\000\040\000e\000r\000r\000o\000r\000s\000\040\000i\000n\000\040\000t\000h\000e\000\040\000a\000g\000e\000n\000t\000\040\000l\000o\000o\000p\000?}{section.1}% 17
\BOOKMARK [2][-]{subsection.1.17}{\376\377\000Q\0001\0007\000:\000\040\000B\000i\000g\000g\000e\000s\000t\000\040\000l\000i\000m\000i\000t\000a\000t\000i\000o\000n\000s\000\040\000o\000f\000\040\000c\000u\000r\000r\000e\000n\000t\000\040\000a\000r\000c\000h\000i\000t\000e\000c\000t\000u\000r\000e\000?}{section.1}% 18
\BOOKMARK [2][-]{subsection.1.18}{\376\377\000Q\0001\0008\000:\000\040\000H\000o\000w\000\040\000w\000o\000u\000l\000d\000\040\000y\000o\000u\000\040\000i\000m\000p\000r\000o\000v\000e\000\040\000f\000o\000r\000\040\000B\000N\000Y\000\040\000M\000e\000l\000l\000o\000n\000\040\000p\000r\000o\000d\000u\000c\000t\000i\000o\000n\000?}{section.1}% 19
\BOOKMARK [2][-]{subsection.1.19}{\376\377\000Q\0001\0009\000:\000\040\000W\000h\000y\000\040\000P\000y\000t\000h\000o\000n\000\040\000i\000n\000s\000t\000e\000a\000d\000\040\000o\000f\000\040\000J\000a\000v\000a\000/\000N\000o\000d\000e\000.\000j\000s\000?}{section.1}% 20
\BOOKMARK [2][-]{subsection.1.20}{\376\377\000Q\0002\0000\000:\000\040\000H\000o\000w\000\040\000d\000o\000e\000s\000\040\000f\000i\000n\000a\000n\000c\000i\000a\000l\000\040\000c\000a\000c\000h\000i\000n\000g\000\040\000w\000o\000r\000k\000?}{section.1}% 21
\BOOKMARK [2][-]{subsection.1.21}{\376\377\000Q\0002\0001\000:\000\040\000W\000h\000a\000t\000\040\000a\000r\000e\000\040\000s\000u\000b\000a\000g\000e\000n\000t\000s\000?}{section.1}% 22
\BOOKMARK [2][-]{subsection.1.22}{\376\377\000Q\0002\0002\000:\000\040\000H\000a\000n\000d\000l\000i\000n\000g\000\040\000t\000o\000p\000i\000c\000\040\000s\000w\000i\000t\000c\000h\000e\000s\000\040\000i\000n\000\040\000c\000o\000n\000v\000e\000r\000s\000a\000t\000i\000o\000n\000?}{section.1}% 23
\BOOKMARK [2][-]{subsection.1.23}{\376\377\000Q\0002\0003\000:\000\040\000W\000h\000a\000t\000\040\000w\000o\000u\000l\000d\000\040\000y\000o\000u\000\040\000d\000o\000\040\000d\000i\000f\000f\000e\000r\000e\000n\000t\000l\000y\000\040\000f\000r\000o\000m\000\040\000s\000c\000r\000a\000t\000c\000h\000?}{section.1}% 24
\BOOKMARK [2][-]{subsection.1.24}{\376\377\000Q\0002\0004\000:\000\040\000H\000o\000w\000\040\000d\000o\000e\000s\000\040\000c\000r\000o\000n\000/\000s\000c\000h\000e\000d\000u\000l\000i\000n\000g\000\040\000w\000o\000r\000k\000?}{section.1}% 25
\BOOKMARK [2][-]{subsection.1.25}{\376\377\000Q\0002\0005\000:\000\040\000W\000h\000y\000\040\000i\000s\000\040\000f\000i\000n\000a\000n\000c\000i\000a\000l\000\040\000p\000r\000e\000-\000p\000r\000o\000c\000e\000s\000s\000i\000n\000g\000\040\000i\000m\000p\000o\000r\000t\000a\000n\000t\000?}{section.1}% 26
\BOOKMARK [2][-]{subsection.1.26}{\376\377\000Q\0002\0006\000:\000\040\000H\000o\000w\000\040\000w\000o\000u\000l\000d\000\040\000y\000o\000u\000\040\000t\000e\000s\000t\000\040\000t\000h\000i\000s\000\040\000s\000y\000s\000t\000e\000m\000?}{section.1}% 27
\BOOKMARK [2][-]{subsection.1.27}{\376\377\000Q\0002\0007\000:\000\040\000W\000h\000a\000t\000\040\000r\000o\000l\000e\000\040\000d\000o\000e\000s\000\040\000C\000o\000n\000t\000e\000x\000t\000B\000u\000i\000l\000d\000e\000r\000\040\000p\000l\000a\000y\000?}{section.1}% 28
\BOOKMARK [2][-]{subsection.1.28}{\376\377\000Q\0002\0008\000:\000\040\000H\000a\000n\000d\000l\000i\000n\000g\000\040\000r\000a\000p\000i\000d\000\040\000c\000o\000n\000s\000e\000c\000u\000t\000i\000v\000e\000\040\000m\000e\000s\000s\000a\000g\000e\000s\000?}{section.1}% 29
\BOOKMARK [2][-]{subsection.1.29}{\376\377\000Q\0002\0009\000:\000\040\000W\000h\000a\000t\000\040\000i\000s\000\040\000M\000C\000P\000\040\000s\000e\000r\000v\000e\000r\000\040\000c\000o\000n\000n\000e\000c\000t\000i\000o\000n\000?}{section.1}% 30
\BOOKMARK [2][-]{subsection.1.30}{\376\377\000Q\0003\0000\000:\000\040\000P\000r\000e\000s\000e\000n\000t\000\040\000t\000o\000\040\000B\000N\000Y\000\040\000M\000e\000l\000l\000o\000n\000\040\000t\000e\000c\000h\000n\000i\000c\000a\000l\000\040\000p\000a\000n\000e\000l\040\024\000w\000h\000a\000t\000\040\000t\000o\000\040\000e\000m\000p\000h\000a\000s\000i\000z\000e\000?}{section.1}% 31
\BOOKMARK [1][-]{section.2}{\376\377\000P\000a\000r\000t\000\040\0002\000:\000\040\000T\000o\000o\000l\000s\000\040\000\046\000\040\000D\000a\000t\000a\000\040\000Q\000u\000e\000s\000t\000i\000o\000n\000s}{}% 32
\BOOKMARK [2][-]{subsection.2.1}{\376\377\000Q\0001\000:\000\040\000W\000a\000l\000k\000\040\000t\000h\000r\000o\000u\000g\000h\000\040\000t\000h\000e\000\040\0001\0000\000+\000\040\000d\000a\000t\000a\000\040\000s\000o\000u\000r\000c\000e\000s\000.\000\040\000W\000h\000y\000\040\000e\000a\000c\000h\000?}{section.2}% 33
\BOOKMARK [2][-]{subsection.2.2}{\376\377\000Q\0002\000:\000\040\000E\000x\000p\000l\000a\000i\000n\000\040\000i\000n\000t\000e\000n\000t\000\040\000d\000e\000t\000e\000c\000t\000i\000o\000n\000\040\000s\000y\000s\000t\000e\000m\000.}{section.2}% 34
\BOOKMARK [2][-]{subsection.2.3}{\376\377\000Q\0003\000:\000\040\000L\000L\000M\000\040\000s\000u\000b\000-\000a\000g\000e\000n\000t\000\040\000p\000a\000t\000t\000e\000r\000n\040\024\000w\000h\000y\000\040\000n\000o\000t\000\040\000o\000n\000e\000\040\000L\000L\000M\000?}{section.2}% 35
\BOOKMARK [2][-]{subsection.2.4}{\376\377\000Q\0004\000:\000\040\000M\000e\000m\000e\000\040\000c\000o\000i\000n\000\040\000p\000i\000p\000e\000l\000i\000n\000e\000\040\000e\000n\000d\000-\000t\000o\000-\000e\000n\000d\000.}{section.2}% 36
\BOOKMARK [2][-]{subsection.2.5}{\376\377\000Q\0005\000:\000\040\000C\000a\000c\000h\000i\000n\000g\000\040\000s\000t\000r\000a\000t\000e\000g\000y\000.\000\040\000W\000h\000y\000\040\000d\000i\000f\000f\000e\000r\000e\000n\000t\000\040\000T\000T\000L\000s\000?}{section.2}% 37
\BOOKMARK [2][-]{subsection.2.6}{\376\377\000Q\0006\000:\000\040\000R\000a\000t\000e\000\040\000l\000i\000m\000i\000t\000i\000n\000g\000\040\000a\000c\000r\000o\000s\000s\000\040\0001\0000\000+\000\040\000A\000P\000I\000s\000.}{section.2}% 38
\BOOKMARK [2][-]{subsection.2.7}{\376\377\000Q\0007\000:\000\040\000P\000r\000e\000d\000i\000c\000t\000i\000o\000n\000\040\000m\000a\000r\000k\000e\000t\000\040\000c\000r\000o\000s\000s\000-\000p\000l\000a\000t\000f\000o\000r\000m\000\040\000c\000o\000m\000p\000a\000r\000i\000s\000o\000n\000.}{section.2}% 39
\BOOKMARK [2][-]{subsection.2.8}{\376\377\000Q\0008\000:\000\040\000R\000u\000l\000e\000-\000b\000a\000s\000e\000d\000\040\000v\000s\000\040\000L\000L\000M\000\040\000c\000l\000a\000s\000s\000i\000f\000i\000e\000r\000\040\000f\000o\000r\000\040\000i\000n\000t\000e\000n\000t\000?}{section.2}% 40
\BOOKMARK [2][-]{subsection.2.9}{\376\377\000Q\0009\000:\000\040\000E\000q\000u\000i\000t\000y\000\040\000v\000a\000l\000u\000a\000t\000i\000o\000n\000\040\000e\000n\000g\000i\000n\000e\040\024\000w\000a\000l\000k\000\040\000t\000h\000r\000o\000u\000g\000h\000\040\000D\000C\000F\000.}{section.2}% 41
\BOOKMARK [2][-]{subsection.2.10}{\376\377\000Q\0001\0000\000:\000\040\000A\000s\000y\000n\000c\000\040\000a\000r\000c\000h\000i\000t\000e\000c\000t\000u\000r\000e\040\024\000w\000h\000y\000\040\000a\000s\000y\000n\000c\000i\000o\000.\000t\000o\000\137\000t\000h\000r\000e\000a\000d\000\050\000\051\000?}{section.2}% 42
\BOOKMARK [2][-]{subsection.2.11}{\376\377\000Q\0001\0001\000:\000\040\000H\000a\000n\000d\000l\000i\000n\000g\000\040\000f\000i\000n\000a\000n\000c\000i\000a\000l\000\040\000A\000P\000I\000\040\000e\000r\000r\000o\000r\000s\000.}{section.2}% 43
\BOOKMARK [2][-]{subsection.2.12}{\376\377\000Q\0001\0002\000:\000\040\000N\000o\000r\000m\000a\000l\000i\000z\000i\000n\000g\000\040\000Y\000a\000h\000o\000o\000\040\000F\000i\000n\000a\000n\000c\000e\000\040\000a\000n\000d\000\040\000A\000K\000S\000h\000a\000r\000e\000\040\000d\000a\000t\000a\000.}{section.2}% 44
\BOOKMARK [2][-]{subsection.2.13}{\376\377\000Q\0001\0003\000:\000\040\000M\000e\000m\000e\000\040\000c\000o\000i\000n\000\040\000v\000i\000r\000a\000l\000\040\000s\000c\000o\000r\000i\000n\000g\000\040\000s\000y\000s\000t\000e\000m\000.}{section.2}% 45
\BOOKMARK [2][-]{subsection.2.14}{\376\377\000Q\0001\0004\000:\000\040\000T\000o\000k\000e\000n\000\040\000d\000e\000p\000l\000o\000y\000m\000e\000n\000t\000\040\000o\000n\000\040\000p\000u\000m\000p\000.\000f\000u\000n\040\024\000s\000e\000c\000u\000r\000i\000t\000y\000\040\000m\000e\000a\000s\000u\000r\000e\000s\000.}{section.2}% 46
\BOOKMARK [2][-]{subsection.2.15}{\376\377\000Q\0001\0005\000:\000\040\000W\000h\000y\000\040\000t\000w\000o\000\040\000A\000P\000I\000s\000\040\000f\000o\000r\000\040\000P\000o\000l\000y\000m\000a\000r\000k\000e\000t\000\040\000\050\000G\000a\000m\000m\000a\000\040\000+\000\040\000C\000L\000O\000B\000\051\000?}{section.2}% 47
\BOOKMARK [2][-]{subsection.2.16}{\376\377\000Q\0001\0006\000:\000\040\000I\000m\000p\000r\000o\000v\000i\000n\000g\000\040\000f\000o\000r\000\040\0001\0000\000x\000\040\000c\000o\000n\000c\000u\000r\000r\000e\000n\000t\000\040\000u\000s\000e\000r\000s\000.}{section.2}% 48
\BOOKMARK [2][-]{subsection.2.17}{\376\377\000Q\0001\0007\000:\000\040\000R\000e\000b\000u\000i\000l\000d\000i\000n\000g\000\040\000d\000a\000t\000a\000\040\000a\000r\000c\000h\000i\000t\000e\000c\000t\000u\000r\000e\000\040\000f\000r\000o\000m\000\040\000s\000c\000r\000a\000t\000c\000h\000.}{section.2}% 49
\BOOKMARK [1][-]{section.3}{\376\377\000P\000a\000r\000t\000\040\0003\000:\000\040\000A\000I\000/\000M\000L\000\040\000Q\000u\000e\000s\000t\000i\000o\000n\000s}{}% 50
\BOOKMARK [2][-]{subsection.3.1}{\376\377\0001\000.\000\040\000I\000n\000t\000e\000g\000r\000a\000t\000e\000\040\0001\0004\000+\000\040\000L\000L\000M\000\040\000p\000r\000o\000v\000i\000d\000e\000r\000s\000\040\000b\000e\000h\000i\000n\000d\000\040\000s\000i\000n\000g\000l\000e\000\040\000i\000n\000t\000e\000r\000f\000a\000c\000e\000.}{section.3}% 51
\BOOKMARK [2][-]{subsection.3.2}{\376\377\0002\000.\000\040\000S\000y\000s\000t\000e\000m\000\040\000d\000e\000c\000i\000d\000e\000s\000\040\000w\000h\000i\000c\000h\000\040\000p\000r\000o\000v\000i\000d\000e\000r\000\040\000t\000o\000\040\000u\000s\000e\000.}{section.3}% 52
\BOOKMARK [2][-]{subsection.3.3}{\376\377\0003\000.\000\040\000F\000u\000n\000c\000t\000i\000o\000n\000\040\000c\000a\000l\000l\000i\000n\000g\000\040\000i\000n\000\040\000L\000L\000M\000s\040\024\000h\000o\000w\000\040\000a\000g\000e\000n\000t\000\040\000u\000s\000e\000s\000\040\000i\000t\000.}{section.3}% 53
\BOOKMARK [2][-]{subsection.3.4}{\376\377\0004\000.\000\040\000W\000a\000l\000k\000\040\000t\000h\000r\000o\000u\000g\000h\000\040\000a\000g\000e\000n\000t\000i\000c\000\040\000l\000o\000o\000p\000.}{section.3}% 54
\BOOKMARK [2][-]{subsection.3.5}{\376\377\0005\000.\000\040\000S\000y\000s\000t\000e\000m\000\040\000p\000r\000o\000m\000p\000t\000\040\000d\000e\000s\000i\000g\000n\000\040\000f\000o\000r\000\040\000f\000i\000n\000a\000n\000c\000i\000a\000l\000\040\000a\000n\000a\000l\000y\000s\000i\000s\000.}{section.3}% 55
\BOOKMARK [2][-]{subsection.3.6}{\376\377\0006\000.\000\040\000L\000o\000n\000g\000\040\000c\000o\000n\000v\000e\000r\000s\000a\000t\000i\000o\000n\000s\000\040\000w\000i\000t\000h\000o\000u\000t\000\040\000l\000o\000s\000i\000n\000g\000\040\000c\000o\000n\000t\000e\000x\000t\000.}{section.3}% 56
\BOOKMARK [2][-]{subsection.3.7}{\376\377\0007\000.\000\040\000R\000e\000d\000u\000c\000e\000\040\000h\000a\000l\000l\000u\000c\000i\000n\000a\000t\000i\000o\000n\000s\000.}{section.3}% 57
\BOOKMARK [2][-]{subsection.3.8}{\376\377\0008\000.\000\040\000C\000h\000a\000i\000n\000-\000o\000f\000-\000t\000h\000o\000u\000g\000h\000t\000\040\000r\000e\000a\000s\000o\000n\000i\000n\000g\000.}{section.3}% 58
\BOOKMARK [2][-]{subsection.3.9}{\376\377\0009\000.\000\040\000E\000v\000a\000l\000u\000a\000t\000e\000\040\000A\000I\000\040\000a\000g\000e\000n\000t\000\040\000p\000e\000r\000f\000o\000r\000m\000a\000n\000c\000e\000.}{section.3}% 59
\BOOKMARK [2][-]{subsection.3.10}{\376\377\0001\0000\000.\000\040\000R\000a\000t\000e\000\040\000l\000i\000m\000i\000t\000i\000n\000g\000\040\000a\000n\000d\000\040\000p\000r\000o\000v\000i\000d\000e\000r\000\040\000f\000a\000i\000l\000u\000r\000e\000s\000.}{section.3}% 60
\BOOKMARK [2][-]{subsection.3.11}{\376\377\0001\0001\000.\000\040\000G\000a\000t\000e\000w\000a\000y\000\040\000v\000s\000\040\000s\000t\000a\000n\000d\000a\000r\000d\000\040\000p\000r\000o\000v\000i\000d\000e\000r\000.}{section.3}% 61
\BOOKMARK [2][-]{subsection.3.12}{\376\377\0001\0002\000.\000\040\000A\000P\000I\000\040\000k\000e\000y\000\040\000m\000a\000n\000a\000g\000e\000m\000e\000n\000t\000\040\000f\000o\000r\000\040\0001\0004\000+\000\040\000p\000r\000o\000v\000i\000d\000e\000r\000s\000.}{section.3}% 62
\BOOKMARK [2][-]{subsection.3.13}{\376\377\0001\0003\000.\000\040\000P\000r\000o\000m\000p\000t\000\040\000e\000n\000g\000i\000n\000e\000e\000r\000i\000n\000g\000\040\000t\000e\000c\000h\000n\000i\000q\000u\000e\000s\000\040\000u\000s\000e\000d\000.}{section.3}% 63
\BOOKMARK [2][-]{subsection.3.14}{\376\377\0001\0004\000.\000\040\000M\000u\000l\000t\000i\000-\000m\000o\000d\000e\000l\000\040\000s\000t\000r\000a\000t\000e\000g\000y\000\040\000f\000o\000r\000\040\000f\000i\000n\000a\000n\000c\000i\000a\000l\000\040\000a\000p\000p\000.}{section.3}% 64
\BOOKMARK [2][-]{subsection.3.15}{\376\377\0001\0005\000.\000\040\000R\000A\000G\000\040\000a\000n\000d\000\040\000f\000i\000n\000a\000n\000c\000i\000a\000l\000\040\000a\000g\000e\000n\000t\000.}{section.3}% 65
\BOOKMARK [2][-]{subsection.3.16}{\376\377\0001\0006\000.\000\040\000M\000o\000d\000e\000l\000s\000\040\000w\000i\000t\000h\000\040\000d\000i\000f\000f\000e\000r\000e\000n\000t\000\040\000c\000a\000p\000a\000b\000i\000l\000i\000t\000i\000e\000s\000.}{section.3}% 66
\BOOKMARK [2][-]{subsection.3.17}{\376\377\0001\0007\000.\000\040\000O\000b\000s\000e\000r\000v\000a\000b\000i\000l\000i\000t\000y\000\040\000a\000n\000d\000\040\000t\000r\000a\000c\000i\000n\000g\000\040\000r\000o\000l\000e\000.}{section.3}% 67
\BOOKMARK [2][-]{subsection.3.18}{\376\377\000Q\0001\0008\000.\000\040\000A\000I\000\040\000s\000a\000f\000e\000t\000y\000\040\000i\000n\000\040\000f\000i\000n\000a\000n\000c\000i\000a\000l\000\040\000c\000o\000n\000t\000e\000x\000t\000.}{section.3}% 68
\BOOKMARK [2][-]{subsection.3.19}{\376\377\000Q\0001\0009\000.\000\040\000M\000o\000d\000e\000l\000\040\000d\000i\000s\000t\000i\000l\000l\000a\000t\000i\000o\000n\000.}{section.3}% 69
\BOOKMARK [2][-]{subsection.3.20}{\376\377\000Q\0002\0000\000.\000\040\000T\000e\000s\000t\000i\000n\000g\000\040\000a\000n\000d\000\040\000e\000v\000a\000l\000u\000a\000t\000i\000n\000g\000\040\000p\000r\000o\000m\000p\000t\000s\000.}{section.3}% 70
\BOOKMARK [1][-]{section.4}{\376\377\000P\000a\000r\000t\000\040\0004\000:\000\040\000B\000o\000n\000u\000s\000\040\000T\000e\000c\000h\000n\000i\000c\000a\000l\000\040\000Q\000u\000e\000s\000t\000i\000o\000n\000s}{}% 71
\BOOKMARK [2][-]{subsection.4.1}{\376\377\000D\000o\000c\000k\000e\000r\000f\000i\000l\000e\000:\000\040\000W\000h\000y\000\040\000i\000n\000s\000t\000a\000l\000l\000\040\000d\000e\000p\000e\000n\000d\000e\000n\000c\000i\000e\000s\000\040\000t\000w\000i\000c\000e\000?}{section.4}% 72
\BOOKMARK [2][-]{subsection.4.2}{\376\377\000C\000o\000n\000t\000a\000i\000n\000e\000r\000\040\000r\000u\000n\000s\000\040\000P\000y\000t\000h\000o\000n\000\040\000a\000n\000d\000\040\000N\000o\000d\000e\000.\000j\000s\040\024\000h\000o\000w\000\040\000m\000a\000n\000a\000g\000e\000\040\000t\000w\000o\000\040\000r\000u\000n\000t\000i\000m\000e\000s\000?}{section.4}% 73
\BOOKMARK [2][-]{subsection.4.3}{\376\377\000E\000N\000T\000R\000Y\000P\000O\000I\000N\000T\000\040\000v\000s\000\040\000C\000M\000D\000?}{section.4}% 74
\BOOKMARK [2][-]{subsection.4.4}{\376\377\000W\000h\000a\000t\000s\000A\000p\000p\000\040\000b\000r\000i\000d\000g\000e\000:\000\040\000W\000e\000b\000S\000o\000c\000k\000e\000t\000\040\000i\000n\000s\000t\000e\000a\000d\000\040\000o\000f\000\040\000H\000T\000T\000P\000?}{section.4}% 75
\BOOKMARK [2][-]{subsection.4.5}{\376\377\000W\000e\000b\000S\000o\000c\000k\000e\000t\000\040\000h\000a\000n\000d\000s\000h\000a\000k\000e\000?}{section.4}% 76
\BOOKMARK [2][-]{subsection.4.6}{\376\377\000S\000l\000a\000c\000k\000\040\000S\000o\000c\000k\000e\000t\000\040\000M\000o\000d\000e\000\040\000v\000s\000\040\000H\000T\000T\000P\000\040\000w\000e\000b\000h\000o\000o\000k\000s\000?}{section.4}% 77
\BOOKMARK [2][-]{subsection.4.7}{\376\377\000N\000o\000\040\000C\000O\000R\000S\000\040\000h\000a\000n\000d\000l\000i\000n\000g\040\024\000w\000h\000y\000?}{section.4}% 78
\BOOKMARK [2][-]{subsection.4.8}{\376\377\000C\000h\000a\000n\000n\000e\000l\000-\000l\000e\000v\000e\000l\000\040\000a\000l\000l\000o\000w\000F\000r\000o\000m\000\040\000a\000c\000c\000e\000s\000s\000\040\000c\000o\000n\000t\000r\000o\000l\000.}{section.4}% 79
\BOOKMARK [2][-]{subsection.4.9}{\376\377\000E\000m\000a\000i\000l\000\040\000c\000h\000a\000n\000n\000e\000l\000\040\000r\000e\000q\000u\000i\000r\000e\000s\000\040\000c\000o\000n\000s\000e\000n\000t\000\137\000g\000r\000a\000n\000t\000e\000d\000=\000t\000r\000u\000e\000.}{section.4}% 80
\BOOKMARK [2][-]{subsection.4.10}{\376\377\000S\000e\000c\000u\000r\000i\000t\000y\000\040\000r\000i\000s\000k\000s\000\040\000o\000f\000\040\000c\000o\000n\000f\000i\000g\000.\000j\000s\000o\000n\000\040\000p\000r\000i\000v\000a\000t\000e\000\040\000k\000e\000y\000s\000?}{section.4}% 81
\BOOKMARK [2][-]{subsection.4.11}{\376\377\0009\000\040\000c\000h\000a\000n\000n\000e\000l\000s\000\040\000u\000s\000e\000\040\000s\000a\000m\000e\000\040\000a\000g\000e\000n\000t\040\024\000h\000o\000w\000?}{section.4}% 82
\BOOKMARK [2][-]{subsection.4.12}{\376\377\000O\000n\000e\000\040\000c\000h\000a\000n\000n\000e\000l\000\040\000c\000r\000a\000s\000h\000e\000s\040\024\000w\000h\000a\000t\000\040\000h\000a\000p\000p\000e\000n\000s\000?}{section.4}% 83
\BOOKMARK [2][-]{subsection.4.13}{\376\377\000L\000o\000n\000g\000\040\000p\000o\000l\000l\000i\000n\000g\000\040\000v\000s\000\040\000W\000e\000b\000S\000o\000c\000k\000e\000t\000\040\000f\000o\000r\000\040\000m\000e\000s\000s\000a\000g\000e\000s\000?}{section.4}% 84
\BOOKMARK [2][-]{subsection.4.14}{\376\377\000M\000e\000s\000s\000a\000g\000e\000\040\000d\000e\000d\000u\000p\000l\000i\000c\000a\000t\000i\000o\000n\000\040\000a\000c\000r\000o\000s\000s\000\040\000c\000h\000a\000n\000n\000e\000l\000s\000?}{section.4}% 85
\BOOKMARK [2][-]{subsection.4.15}{\376\377\000W\000h\000a\000t\000s\000A\000p\000p\000\040\000b\000r\000i\000d\000g\000e\000:\000\040\000s\000e\000p\000a\000r\000a\000t\000e\000\040\000N\000o\000d\000e\000.\000j\000s\000\040\000p\000r\000o\000c\000e\000s\000s\000?}{section.4}% 86
\BOOKMARK [2][-]{subsection.4.16}{\376\377\000S\000e\000c\000u\000r\000i\000n\000g\000\040\000W\000e\000b\000S\000o\000c\000k\000e\000t\000\040\000b\000e\000t\000w\000e\000e\000n\000\040\000P\000y\000t\000h\000o\000n\000\040\000a\000n\000d\000\040\000N\000o\000d\000e\000.\000j\000s\000?}{section.4}% 87
\BOOKMARK [2][-]{subsection.4.17}{\376\377\000C\000r\000o\000n\000\040\000s\000e\000r\000v\000i\000c\000e\000\040\000a\000v\000o\000i\000d\000s\000\040\000b\000u\000s\000y\000-\000w\000a\000i\000t\000i\000n\000g\000?}{section.4}% 88
\BOOKMARK [2][-]{subsection.4.18}{\376\377\000C\000r\000o\000n\000\040\000j\000o\000b\000\040\000f\000a\000i\000l\000s\000?}{section.4}% 89
\BOOKMARK [2][-]{subsection.4.19}{\376\377\000T\000e\000s\000t\000\040\000c\000h\000a\000n\000n\000e\000l\000\040\000i\000n\000t\000e\000g\000r\000a\000t\000i\000o\000n\000\040\000w\000i\000t\000h\000o\000u\000t\000\040\000r\000e\000a\000l\000\040\000p\000l\000a\000t\000f\000o\000r\000m\000?}{section.4}% 90
\BOOKMARK [2][-]{subsection.4.20}{\376\377\000T\000e\000s\000t\000\040\000M\000e\000s\000s\000a\000g\000e\000B\000u\000s\000\040\000i\000n\000\040\000i\000s\000o\000l\000a\000t\000i\000o\000n\000?}{section.4}% 91
\BOOKMARK [2][-]{subsection.4.21}{\376\377\000T\000e\000s\000t\000\040\000p\000y\000r\000a\000m\000i\000d\000\040\000f\000o\000r\000\040\000t\000h\000i\000s\000\040\000p\000r\000o\000j\000e\000c\000t\000?}{section.4}% 92
\BOOKMARK [2][-]{subsection.4.22}{\376\377\000U\000s\000e\000r\000\040\000s\000p\000a\000m\000m\000i\000n\000g\000\040\000b\000o\000t\000\040\000w\000i\000t\000h\000\040\000m\000e\000s\000s\000a\000g\000e\000s\000?}{section.4}% 93
\BOOKMARK [2][-]{subsection.4.23}{\376\377\000P\000e\000r\000f\000o\000r\000m\000a\000n\000c\000e\000\040\000b\000o\000t\000t\000l\000e\000n\000e\000c\000k\000s\000\040\000e\000n\000d\000-\000t\000o\000-\000e\000n\000d\000?}{section.4}% 94
\BOOKMARK [2][-]{subsection.4.24}{\376\377\000D\000o\000c\000k\000e\000r\000\040\000l\000a\000y\000e\000r\000\040\000c\000a\000c\000h\000i\000n\000g\000\040\000i\000m\000p\000r\000o\000v\000e\000s\000\040\000b\000u\000i\000l\000d\000\040\000p\000e\000r\000f\000o\000r\000m\000a\000n\000c\000e\000?}{section.4}% 95
\BOOKMARK [2][-]{subsection.4.25}{\376\377\000a\000s\000y\000n\000c\000i\000o\000.\000c\000r\000e\000a\000t\000e\000\137\000t\000a\000s\000k\000\050\000\051\000\040\000v\000s\000\040\000a\000w\000a\000i\000t\000?}{section.4}% 96
\BOOKMARK [2][-]{subsection.4.26}{\376\377\000a\000s\000y\000n\000c\000i\000o\000.\000r\000u\000n\000\137\000c\000o\000r\000o\000u\000t\000i\000n\000e\000\137\000t\000h\000r\000e\000a\000d\000s\000a\000f\000e\000\050\000\051\000\040\000i\000n\000\040\000F\000e\000i\000s\000h\000u\000?}{section.4}% 97
\BOOKMARK [2][-]{subsection.4.27}{\376\377\000R\000u\000n\000n\000i\000n\000g\000\040\000b\000l\000o\000c\000k\000i\000n\000g\000\040\000c\000o\000d\000e\000\040\000i\000n\000\040\000a\000s\000y\000n\000c\000\040\000c\000o\000n\000t\000e\000x\000t\000?}{section.4}% 98
\BOOKMARK [2][-]{subsection.4.28}{\376\377\000W\000h\000a\000t\000s\000A\000p\000p\000\040\000b\000r\000i\000d\000g\000e\000\040\000c\000r\000a\000s\000h\000e\000s\040\024\000P\000y\000t\000h\000o\000n\000\040\000s\000i\000d\000e\000?}{section.4}% 99
\BOOKMARK [2][-]{subsection.4.29}{\376\377\000C\000h\000a\000n\000n\000e\000l\000\040\000h\000a\000n\000d\000l\000e\000s\000\040\000p\000l\000a\000t\000f\000o\000r\000m\000\040\000A\000P\000I\000\040\000r\000a\000t\000e\000\040\000l\000i\000m\000i\000t\000i\000n\000g\000?}{section.4}% 100
\BOOKMARK [2][-]{subsection.4.30}{\376\377\000C\000o\000n\000f\000i\000g\000\040\000f\000i\000l\000e\000\040\000m\000i\000s\000s\000i\000n\000g\000\040\000o\000r\000\040\000c\000o\000r\000r\000u\000p\000t\000e\000d\000?}{section.4}% 101
\BOOKMARK [2][-]{subsection.4.31}{\376\377\000E\000x\000c\000e\000p\000t\000i\000o\000n\000s\000\040\000i\000n\000\040\000a\000s\000y\000n\000c\000i\000o\000.\000g\000a\000t\000h\000e\000r\000\050\000\051\000\040\000w\000i\000t\000h\000\040\000m\000u\000l\000t\000i\000p\000l\000e\000\040\000c\000h\000a\000n\000n\000e\000l\000s\000?}{section.4}% 102
\BOOKMARK [2][-]{subsection.4.32}{\376\377\000P\000l\000a\000t\000f\000o\000r\000m\000\040\000A\000P\000I\000\040\000t\000e\000m\000p\000o\000r\000a\000r\000i\000l\000y\000\040\000u\000n\000a\000v\000a\000i\000l\000a\000b\000l\000e\000?}{section.4}% 103
\BOOKMARK [2][-]{subsection.4.33}{\376\377\000T\000e\000s\000t\000i\000n\000g\000\040\000a\000s\000y\000n\000c\000\040\000c\000o\000d\000e\000\040\000i\000n\000\040\000P\000y\000t\000h\000o\000n\000?}{section.4}% 104
\BOOKMARK [2][-]{subsection.4.34}{\376\377\000C\000I\000/\000C\000D\000\040\000p\000i\000p\000e\000l\000i\000n\000e\000\040\000s\000e\000t\000u\000p\000?}{section.4}% 105
\BOOKMARK [1][-]{section.5}{\376\377\000P\000a\000r\000t\000\040\0005\000:\000\040\000H\000R\000/\000B\000e\000h\000a\000v\000i\000o\000r\000a\000l\000\040\000Q\000u\000e\000s\000t\000i\000o\000n\000s}{}% 106
\BOOKMARK [2][-]{subsection.5.1}{\376\377\0001\000.\000\040\000W\000h\000y\000\040\000B\000N\000Y\000\040\000M\000e\000l\000l\000o\000n\000?}{section.5}% 107
\BOOKMARK [2][-]{subsection.5.2}{\376\377\0002\000.\000\040\000T\000e\000l\000l\000\040\000m\000e\000\040\000a\000b\000o\000u\000t\000\040\000y\000o\000u\000r\000s\000e\000l\000f\000.}{section.5}% 108
\BOOKMARK [2][-]{subsection.5.3}{\376\377\0003\000.\000\040\000S\000t\000r\000e\000n\000g\000t\000h\000s\000\040\000a\000n\000d\000\040\000w\000e\000a\000k\000n\000e\000s\000s\000e\000s\000.}{section.5}% 109
\BOOKMARK [2][-]{subsection.5.4}{\376\377\0004\000.\000\040\000W\000h\000e\000r\000e\000\040\000i\000n\000\040\0005\000\040\000y\000e\000a\000r\000s\000?}{section.5}% 110
\BOOKMARK [2][-]{subsection.5.5}{\376\377\0005\000.\000\040\000C\000h\000a\000l\000l\000e\000n\000g\000e\000\040\000b\000u\000i\000l\000d\000i\000n\000g\000\040\000O\000p\000e\000n\000C\000l\000a\000w\000-\000F\000i\000n\000a\000n\000c\000e\000.}{section.5}% 111
\BOOKMARK [2][-]{subsection.5.6}{\376\377\0006\000.\000\040\000H\000o\000w\000\040\000d\000o\000\040\000y\000o\000u\000\040\000h\000a\000n\000d\000l\000e\000\040\000f\000a\000i\000l\000u\000r\000e\000?}{section.5}% 112
\BOOKMARK [2][-]{subsection.5.7}{\376\377\0007\000.\000\040\000E\000t\000h\000i\000c\000s\000\040\000a\000n\000d\000\040\000i\000n\000t\000e\000g\000r\000i\000t\000y\000.}{section.5}% 113
\BOOKMARK [2][-]{subsection.5.8}{\376\377\0008\000.\000\040\000W\000h\000y\000\040\000t\000h\000i\000s\000\040\000p\000r\000o\000j\000e\000c\000t\000?\000\040\000M\000o\000t\000i\000v\000a\000t\000i\000o\000n\000?}{section.5}% 114
\BOOKMARK [2][-]{subsection.5.9}{\376\377\0009\000.\000\040\000T\000e\000a\000m\000w\000o\000r\000k\000\040\000\050\000s\000o\000l\000o\000\040\000p\000r\000o\000j\000e\000c\000t\000\051\000.}{section.5}% 115
\BOOKMARK [2][-]{subsection.5.10}{\376\377\0001\0000\000.\000\040\000L\000e\000a\000r\000n\000i\000n\000g\000\040\000n\000e\000w\000\040\000t\000e\000c\000h\000n\000o\000l\000o\000g\000i\000e\000s\000.}{section.5}% 116
\BOOKMARK [2][-]{subsection.5.11}{\376\377\0001\0001\000.\000\040\000C\000o\000n\000f\000l\000i\000c\000t\000i\000n\000g\000\040\000p\000r\000i\000o\000r\000i\000t\000i\000e\000s\000.}{section.5}% 117
\BOOKMARK [1][-]{section.6}{\376\377\000P\000a\000r\000t\000\040\0006\000:\000\040\000S\000y\000s\000t\000e\000m\000\040\000D\000e\000s\000i\000g\000n\000\040\000Q\000u\000e\000s\000t\000i\000o\000n\000s}{}% 118
\BOOKMARK [2][-]{subsection.6.1}{\376\377\000Q\0001\000:\000\040\000S\000c\000a\000l\000i\000n\000g\000\040\000t\000o\000\040\0001\0000\000,\0000\0000\0000\000\040\000u\000s\000e\000r\000s\000.}{section.6}% 119
\BOOKMARK [2][-]{subsection.6.2}{\376\377\000Q\0002\000:\000\040\000R\000e\000a\000l\000-\000t\000i\000m\000e\000\040\000c\000o\000l\000l\000a\000b\000o\000r\000a\000t\000i\000v\000e\000\040\000f\000e\000a\000t\000u\000r\000e\000s\000.}{section.6}% 120
\BOOKMARK [2][-]{subsection.6.3}{\376\377\000Q\0003\000:\000\040\000R\000a\000t\000e\000\040\000l\000i\000m\000i\000t\000i\000n\000g\000.}{section.6}% 121
\BOOKMARK [2][-]{subsection.6.4}{\376\377\000Q\0004\000:\000\040\000D\000a\000t\000a\000b\000a\000s\000e\000\040\000d\000e\000s\000i\000g\000n\000.}{section.6}% 122
\BOOKMARK [2][-]{subsection.6.5}{\376\377\000Q\0005\000:\000\040\000A\000u\000t\000h\000e\000n\000t\000i\000c\000a\000t\000i\000o\000n\000\040\000\046\000\040\000A\000u\000t\000h\000o\000r\000i\000z\000a\000t\000i\000o\000n\000.}{section.6}% 123
\BOOKMARK [2][-]{subsection.6.6}{\376\377\000Q\0006\000:\000\040\000F\000a\000i\000l\000o\000v\000e\000r\000\040\000\046\000\040\000H\000i\000g\000h\000\040\000A\000v\000a\000i\000l\000a\000b\000i\000l\000i\000t\000y\000.}{section.6}% 124
\BOOKMARK [2][-]{subsection.6.7}{\376\377\000Q\0007\000:\000\040\000M\000o\000n\000i\000t\000o\000r\000i\000n\000g\000\040\000\046\000\040\000O\000b\000s\000e\000r\000v\000a\000b\000i\000l\000i\000t\000y\000.}{section.6}% 125
\BOOKMARK [2][-]{subsection.6.8}{\376\377\000Q\0008\000:\000\040\000C\000a\000c\000h\000i\000n\000g\000\040\000l\000a\000y\000e\000r\000\040\000d\000e\000s\000i\000g\000n\000.}{section.6}% 126
\BOOKMARK [2][-]{subsection.6.9}{\376\377\000Q\0009\000:\000\040\000R\000e\000a\000l\000-\000t\000i\000m\000e\000\040\000u\000p\000d\000a\000t\000e\000s\000\040\000\046\000\040\000s\000t\000r\000e\000a\000m\000i\000n\000g\000.}{section.6}% 127
\BOOKMARK [2][-]{subsection.6.10}{\376\377\000Q\0001\0000\000:\000\040\000P\000r\000o\000d\000u\000c\000t\000i\000o\000n\000\040\000d\000e\000p\000l\000o\000y\000m\000e\000n\000t\000\040\000o\000n\000\040\000A\000W\000S\000/\000G\000C\000P\000.}{section.6}% 128
\BOOKMARK [2][-]{subsection.6.11}{\376\377\000Q\0001\0001\000:\000\040\000A\000P\000I\000\040\000G\000a\000t\000e\000w\000a\000y\000\040\000d\000e\000s\000i\000g\000n\000.}{section.6}% 129
\BOOKMARK [2][-]{subsection.6.12}{\376\377\000Q\0001\0002\000:\000\040\000D\000a\000t\000a\000\040\000c\000o\000n\000s\000i\000s\000t\000e\000n\000c\000y\000\040\000a\000c\000r\000o\000s\000s\000\040\000c\000h\000a\000n\000n\000e\000l\000s\000.}{section.6}% 130
\BOOKMARK [1][-]{section.7}{\376\377\000P\000a\000r\000t\000\040\0007\000:\000\040\000G\000o\000t\000c\000h\000a\000\040\000\046\000\040\000E\000d\000g\000e\000\040\000C\000a\000s\000e\000\040\000Q\000u\000e\000s\000t\000i\000o\000n\000s}{}% 131
\BOOKMARK [2][-]{subsection.7.1}{\376\377\000Q\0001\000:\000\040\000T\000w\000o\000\040\000u\000s\000e\000r\000s\000\040\000s\000e\000n\000d\000\040\000m\000e\000s\000s\000a\000g\000e\000s\000\040\000s\000i\000m\000u\000l\000t\000a\000n\000e\000o\000u\000s\000l\000y\000\040\000o\000n\000\040\000T\000e\000l\000e\000g\000r\000a\000m\000?}{section.7}% 132
\BOOKMARK [2][-]{subsection.7.2}{\376\377\000Q\0002\000:\000\040\000L\000L\000M\000\040\000A\000P\000I\000\040\000c\000o\000m\000p\000l\000e\000t\000e\000l\000y\000\040\000d\000o\000w\000n\000?}{section.7}% 133
\BOOKMARK [2][-]{subsection.7.3}{\376\377\000Q\0003\000:\000\040\000Y\000a\000h\000o\000o\000\040\000F\000i\000n\000a\000n\000c\000e\000\040\000r\000e\000t\000u\000r\000n\000s\000\040\000n\000u\000l\000l\000\040\000P\000/\000E\000?}{section.7}% 134
\BOOKMARK [2][-]{subsection.7.4}{\376\377\000Q\0004\000:\000\040\000A\000P\000I\000\040\000r\000a\000t\000e\000\040\000l\000i\000m\000i\000t\000s\000\040\000a\000c\000r\000o\000s\000s\000\040\0001\0000\000+\000\040\000s\000o\000u\000r\000c\000e\000s\000?}{section.7}% 135
\BOOKMARK [2][-]{subsection.7.5}{\376\377\000Q\0005\000:\000\040\000M\000a\000l\000i\000c\000i\000o\000u\000s\000\040\000p\000r\000o\000m\000p\000t\000\040\000f\000o\000r\000\040\000u\000n\000a\000u\000t\000h\000o\000r\000i\000z\000e\000d\000\040\000t\000o\000k\000e\000n\000\040\000d\000e\000p\000l\000o\000y\000m\000e\000n\000t\000?}{section.7}% 136
\BOOKMARK [2][-]{subsection.7.6}{\376\377\000Q\0006\000:\000\040\000W\000h\000a\000t\000s\000A\000p\000p\000\040\000N\000o\000d\000e\000.\000j\000s\000\040\000b\000r\000i\000d\000g\000e\000\040\000c\000r\000a\000s\000h\000e\000s\000?}{section.7}% 137
\BOOKMARK [2][-]{subsection.7.7}{\376\377\000Q\0007\000:\000\040\000A\000g\000e\000n\000t\000\040\000l\000o\000o\000p\000\040\000h\000i\000t\000s\000\040\0002\0000\000-\000i\000t\000e\000r\000a\000t\000i\000o\000n\000\040\000m\000a\000x\000?}{section.7}% 138
\BOOKMARK [2][-]{subsection.7.8}{\376\377\000Q\0008\000:\000\040\000T\000w\000o\000\040\000p\000e\000o\000p\000l\000e\000\040\000e\000d\000i\000t\000\040\000c\000o\000n\000f\000i\000g\000.\000j\000s\000o\000n\000\040\000s\000i\000m\000u\000l\000t\000a\000n\000e\000o\000u\000s\000l\000y\000?}{section.7}% 139
\BOOKMARK [2][-]{subsection.7.9}{\376\377\000Q\0009\000:\000\040\000C\000r\000o\000n\000\040\000j\000o\000b\000\040\000t\000a\000k\000e\000s\000\040\0001\0000\000\040\000m\000i\000n\000u\000t\000e\000s\000\040\000b\000u\000t\000\040\000s\000c\000h\000e\000d\000u\000l\000e\000d\000\040\000e\000v\000e\000r\000y\000\040\0005\000?}{section.7}% 140
\BOOKMARK [2][-]{subsection.7.10}{\376\377\000Q\0001\0000\000:\000\040\000F\000e\000i\000s\000h\000u\000\040\000S\000D\000K\000\040\000r\000u\000n\000s\000\040\000i\000n\000\040\000s\000e\000p\000a\000r\000a\000t\000e\000\040\000t\000h\000r\000e\000a\000d\040\024\000c\000o\000m\000m\000u\000n\000i\000c\000a\000t\000i\000o\000n\000?}{section.7}% 141
\BOOKMARK [2][-]{subsection.7.11}{\376\377\000Q\0001\0001\000:\000\040\000L\000L\000M\000\040\000s\000e\000n\000d\000s\000\040\000n\000u\000l\000l\000\040\000v\000a\000l\000u\000e\000s\000\040\000f\000o\000r\000\040\000r\000e\000q\000u\000i\000r\000e\000d\000\040\000t\000o\000o\000l\000\040\000p\000a\000r\000a\000m\000e\000t\000e\000r\000s\000?}{section.7}% 142
\BOOKMARK [2][-]{subsection.7.12}{\376\377\000Q\0001\0002\000:\000\040\000S\000i\000n\000g\000l\000e\000\040\000b\000i\000g\000g\000e\000s\000t\000\040\000s\000e\000c\000u\000r\000i\000t\000y\000\040\000r\000i\000s\000k\000?}{section.7}% 143
\BOOKMARK [2][-]{subsection.7.13}{\376\377\000Q\0001\0003\000:\000\040\000B\000u\000i\000l\000d\000i\000n\000g\000\040\000f\000o\000r\000\040\000B\000N\000Y\000\040\000M\000e\000l\000l\000o\000n\000\040\000p\000r\000o\000d\000u\000c\000t\000i\000o\000n\000?}{section.7}% 144
\BOOKMARK [2][-]{subsection.7.14}{\376\377\000Q\0001\0004\000:\000\040\000M\000e\000m\000o\000r\000y\000\040\000c\000o\000n\000s\000o\000l\000i\000d\000a\000t\000i\000o\000n\000\040\000s\000u\000m\000m\000a\000r\000i\000z\000e\000s\000\040\000i\000n\000c\000o\000r\000r\000e\000c\000t\000l\000y\000?}{section.7}% 145
\BOOKMARK [2][-]{subsection.7.15}{\376\377\000Q\0001\0005\000:\000\040\0005\000-\000m\000i\000n\000u\000t\000e\000\040\000a\000r\000c\000h\000i\000t\000e\000c\000t\000u\000r\000e\000\040\000e\000x\000p\000l\000a\000n\000a\000t\000i\000o\000n\000\040\000t\000o\000\040\000s\000e\000n\000i\000o\000r\000\040\000e\000n\000g\000i\000n\000e\000e\000r\000?}{section.7}% 146
\BOOKMARK [1][-]{section.8}{\376\377\000C\000h\000e\000a\000t\000\040\000S\000h\000e\000e\000t\000:\000\040\000K\000e\000y\000\040\000N\000u\000m\000b\000e\000r\000s\000\040\000\046\000\040\000F\000a\000c\000t\000s}{}% 147
\BOOKMARK [1][-]{section.9}{\376\377\000A\000r\000c\000h\000i\000t\000e\000c\000t\000u\000r\000e\000\040\000S\000u\000m\000m\000a\000r\000y}{}% 148
